2026-10-08 11:43:58 INFO [pytest_result_log:122] :-----------------Start: test_cases/test_data.xlsx::Sheet1::正常登录-----------------
2026-10-08 11:44:04 INFO [conftest:48] :执行关键字：open，参数：['https://gameetcms.chuntiangl.com/']
2026-10-08 11:44:05 INFO [conftest:48] :执行关键字：input_text，参数：['//*[@id="userName"]', 'humin']
2026-10-08 11:44:06 INFO [conftest:48] :执行关键字：input_text，参数：['//*[@id="password"]', 20250909]
2026-10-08 11:44:06 INFO [conftest:48] :执行关键字：click，参数：['//*[@id="root"]/div[1]/div[2]/div[2]/div/form/div[5]/div/div/div/div/button/span']
2026-10-08 11:44:06 INFO [conftest:48] :执行关键字：assert_equal，参数：['//*[@id="root"]/div[1]/section/aside/div/div[1]/ul/li[1]/span/a/span/span[2]', '首页']
2026-10-08 11:44:06 INFO [pytest_result_log:190] :test status is PASSED (test_cases/test_data.xlsx::Sheet1::正常登录): 
2026-10-08 11:44:06 INFO [pytest_result_log:128] :------------------End: test_cases/test_data.xlsx::Sheet1::正常登录------------------
2026-10-08 11:44:08 INFO [pytest_result_log:122] :-----------------Start: test_cases/test_data.xlsx::Sheet1::异常登录-----------------
2026-10-08 11:44:11 INFO [conftest:48] :执行关键字：open，参数：['https://gameetcms.chuntiangl.com/']
2026-10-08 11:44:13 INFO [conftest:48] :执行关键字：input_text，参数：['//*[@id="userName"]', 'admin']
2026-10-08 11:44:13 INFO [conftest:48] :执行关键字：input_text，参数：['//*[@id="password"]', 'onesports1']
2026-10-08 11:44:13 INFO [conftest:48] :执行关键字：click，参数：['//*[@id="root"]/div[1]/div[2]/div[2]/div/form/div[5]/div/div/div/div/button/span']
2026-10-08 11:44:13 INFO [conftest:48] :执行关键字：assert_equal，参数：['/html/body/div[4]/div/div/div/div/div/div[1]', '请求错误 : fail']
2026-10-08 11:44:23 ERROR [pytest_result_log:190] :test status is FAILED (test_cases/test_data.xlsx::Sheet1::异常登录): Please review verbose content
2026-10-08 11:44:23 INFO [pytest_result_log:128] :------------------End: test_cases/test_data.xlsx::Sheet1::异常登录------------------
2026-10-08 11:44:25 INFO [pytest_result_log:122] :----------------Start: test_cases/test_data.xlsx::Sheet2::查看充值订单----------------
2026-10-08 11:44:27 WARNING [conftest:122] :跳过无法注入的 Cookie None: Message: invalid argument: missing 'name'
  (Session info: chrome=154.0.8037.58)
Stacktrace:
	chromedriver!GetHandleVerifier [0x7ff601749d55+5a55]
	chromedriver!(No symbol) [0x7ff60166f540]
	chromedriver!(No symbol) [0x7ff6014945fd]
	chromedriver!(No symbol) [0x7ff6015557c0]
	chromedriver!(No symbol) [0x7ff6015190ea]
	chromedriver!(No symbol) [0x7ff60153fcd9]
	chromedriver!(No symbol) [0x7ff6014e1a12]
	chromedriver!(No symbol) [0x7ff6014e2823]
	chromedriver!GetHandleVerifier [0x7ff601b604b1+41c1b1]
	chromedriver!GetHandleVerifier [0x7ff601b8e26b+449f6b]
	chromedriver!GetHandleVerifier [0x7ff601b8274e+43e44e]
	chromedriver!GetHandleVerifier [0x7ff6018432fe+feffe]
	chromedriver!(No symbol) [0x7ff60167cb55]
	chromedriver!(No symbol) [0x7ff601677f64]
	chromedriver!(No symbol) [0x7ff6016780f4]
	chromedriver!(No symbol) [0x7ff601662e4c]
	KERNEL32!BaseThreadInitThunk [0x7ffe1b297374+14]
	ntdll!RtlUserThreadStart [0x7ffe1c05cc91+21]

2026-10-08 11:44:35 INFO [conftest:135] :Cookie 未建立登录状态，改用账号密码登录
2026-10-08 11:44:39 INFO [conftest:48] :执行关键字：click，参数：['//*[@id="root"]/div[1]/section/aside/div/div[1]/ul/li[3]/div/span/span/span[2]']
2026-10-08 11:44:39 INFO [pytest_result_log:190] :test status is PASSED (test_cases/test_data.xlsx::Sheet2::查看充值订单): 
2026-10-08 11:44:39 INFO [pytest_result_log:128] :-----------------End: test_cases/test_data.xlsx::Sheet2::查看充值订单-----------------
